// Jest Snapshot v1, https://goo.gl/fbAQLP

exports[`Welcome should create a snapshot 1`] = `
<div>
  <h1>
    hello github
  </h1>
</div>
`;
